created graph graph

added node C to graph
added node A to graph
added node B to graph

added edge 1.325 from A to B in graph
added edge 1.042 from A to C in graph
added edge 0.283 from B to C in graph

path from A to B:
A to B with weight 1.325
total cost: 1.325